L251 LINKER/LOCATER V4.66.30.0                                                          02/04/2023  19:01:57  PAGE 1


L251 LINKER/LOCATER V4.66.30.0, INVOKED BY:
D:\KEIL_C251\C251\BIN\L251.EXE .\OBJ\test1.obj, .\STC32G_MDU32.LIB TO .\OBJ\TEST1 PRINT (.\list\TEST1.map) CASE CLASSES 
>> (EDATA (0X0-0XFFF), HDATA (0X0-0XFFF), HCONST (0XFE0000-0XFFFFFF), ECODE (0XFE0000-0XFFFFFF))


CPU MODE:     251 SOURCE MODE
MEMORY MODEL: XSMALL


INPUT MODULES INCLUDED:
  .\OBJ\test1.obj (test1)
         COMMENT TYPE 0: C251 V5.57.0
  .\STC32G_MDU32.LIB (ADD64_HUGE)
         COMMENT TYPE 0: A251 V4.69.5.0
  .\STC32G_MDU32.LIB (SUB64_HUGE)
         COMMENT TYPE 0: A251 V4.69.5.0
  .\STC32G_MDU32.LIB (MUL64_HUGE)
         COMMENT TYPE 0: A251 V4.69.5.0
  .\STC32G_MDU32.LIB (UDIV64_HUGE)
         COMMENT TYPE 0: A251 V4.69.5.0
  .\STC32G_MDU32.LIB (SDIV64_HUGE)
         COMMENT TYPE 0: A251 V4.69.5.0
  D:\KEIL_C251\C251\LIB\C2SXS.LIB (?C_START?)
         COMMENT TYPE 0: A251 V4.60


ACTIVE MEMORY CLASSES OF MODULE:  .\OBJ\TEST1 (test1)

BASE        START       END         USED      MEMORY CLASS
==========================================================
000000H     000000H     000FFFH     0001B0H   EDATA
000000H     000000H     000FFFH               HDATA
000000H     FE0000H     FFFFFFH               HCONST
000000H     FE0000H     FFFFFFH     0005CEH   ECODE
000000H     000000H     00007FH     000032H   DATA
FF0000H     FF0000H     FFFFFFH     00001AH   CODE


MEMORY MAP OF MODULE:  .\OBJ\TEST1 (test1)


START     STOP      LENGTH    ALIGN  RELOC    MEMORY CLASS   SEGMENT NAME
=========================================================================
000000H   000007H   000008H   ---    AT..     DATA           "REG BANK 0"
000008H   000031H   00002AH   BYTE   UNIT     DATA           _DATA_GROUP_
000032H   0000E1H   0000B0H   BYTE   UNIT     EDATA          ?ED?TEST1
0000E2H   0001E1H   000100H   BYTE   UNIT     EDATA          ?STACK
0001E2H   FDFFFFH   FDFE1EH   ---    ---      **GAP**
FE0000H   FE03F0H   0003F1H   BYTE   INSEG    ECODE          ?PR?TEST1
FE03F1H   FE04CEH   0000DEH   BYTE   UNIT     ECODE          ?PR?UDIV64?UDIV64
FE04CFH   FE0546H   000078H   BYTE   UNIT     ECODE          ?PR?MUL64?MUL64
FE0547H   FE058BH   000045H   BYTE   UNIT     ECODE          ?PR?SDIV64?SDIV64
FE058CH   FE05ACH   000021H   BYTE   UNIT     ECODE          ?PR?ADD64?ADD64
FE05ADH   FE05CDH   000021H   BYTE   UNIT     ECODE          ?PR?SUB64?SUB64
FE05CEH   FEFFFFH   00FA32H   ---    ---      **GAP**
FF0000H   FF0002H   000003H   ---    OFFS..   CODE           ?CO?start251?4
FF0003H   FF0015H   000013H   BYTE   UNIT     CODE           ?C_C51STARTUP
FF0016H   FF0019H   000004H   BYTE   UNIT     CODE           ?C_C51STARTUP?3



OVERLAY MAP OF MODULE:   .\OBJ\TEST1 (test1)


FUNCTION/MODULE              BIT_GROUP   DATA_GROUP 
--> CALLED FUNCTION/MODULE  START  STOP  START  STOP
L251 LINKER/LOCATER V4.66.30.0                                                        02/04/2023  19:01:57  PAGE 2


====================================================
?C_C51STARTUP               ----- -----  ----- -----

*** NEW ROOT **************

?C_C51STARTUP?3             ----- -----  ----- -----
  +--> main?/test1

main?/test1                 ----- -----  ----- -----
  +--> UDIV64?/UDIV64_HUGE
  +--> SDIV64?/SDIV64_HUGE
  +--> MUL64?/MUL64_HUGE
  +--> ADD64?/ADD64_HUGE
  +--> SUB64?/SUB64_HUGE

UDIV64?/UDIV64_HUGE         ----- -----  001DH 0031H

SDIV64?/SDIV64_HUGE         ----- -----  0008H 001CH
  +--> UDIV64?/UDIV64_HUGE

MUL64?/MUL64_HUGE           ----- -----  0008H 001BH

ADD64?/ADD64_HUGE           ----- -----  0008H 001BH

SUB64?/SUB64_HUGE           ----- -----  0008H 001BH



PUBLIC SYMBOLS OF MODULE:  .\OBJ\TEST1 (test1)


      VALUE       CLASS    TYPE      PUBLIC SYMBOL NAME
      =================================================
      00000008H   DATA     ---       ?add64??BYTE
      000000FFH   NUMBER   ---       ?C?CODESEG
      00FF0000H   CODE     ---       ?C?STARTUP?
      00000001H   NUMBER   ---       ?C?XDATASEG
      00FF0000H   CODE     ---       ?C_STARTUP?
      00000008H   DATA     ---       ?mul64??BYTE
      00000008H   DATA     ---       ?sdiv64??BYTE
      00000008H   DATA     ---       ?sub64??BYTE
      0000001DH   DATA     ---       ?udiv64??BYTE
*SFR* 000000D0H.6 DATA     BIT       AC
*SFR* 000000E0H   DATA     BYTE      ACC
*SFR* 000000BCH   DATA     BYTE      ADC_CONTR
*SFR* 000000DEH   DATA     BYTE      ADCCFG
      00FE058CH   ECODE    FAR LAB   add64?
*SFR* 000000EFH   DATA     BYTE      AUXINTIF
*SFR* 0000008EH   DATA     BYTE      AUXR
*SFR* 00000097H   DATA     BYTE      AUXR2
*SFR* 000000F0H   DATA     BYTE      B
*SFR* 000000F1H   DATA     BYTE      CANICR
*SFR* 000000E6H   DATA     BYTE      CMPCR1
*SFR* 000000E7H   DATA     BYTE      CMPCR2
*SFR* 000000EDH   DATA     BYTE      DMAIR
*SFR* 00000083H   DATA     BYTE      DPH
*SFR* 00000082H   DATA     BYTE      DPL
*SFR* 00000084H   DATA     BYTE      DPXL
*SFR* 000000A8H.7 DATA     BIT       EA
*SFR* 000000D0H.5 DATA     BIT       F0
*SFR* 000000C7H   DATA     BYTE      IAP_CONTR
*SFR* 000000A8H   DATA     BYTE      IE
*SFR* 000000AFH   DATA     BYTE      IE2
*SFR* 0000008FH   DATA     BYTE      INTCLKO
*SFR* 000000B8H   DATA     BYTE      IP
L251 LINKER/LOCATER V4.66.30.0                                                        02/04/2023  19:01:57  PAGE 3


*SFR* 000000B5H   DATA     BYTE      IP2
*SFR* 000000B6H   DATA     BYTE      IP2H
*SFR* 000000DFH   DATA     BYTE      IP3
*SFR* 000000EEH   DATA     BYTE      IP3H
*SFR* 000000B7H   DATA     BYTE      IPH
*SFR* 0000009DH   DATA     BYTE      IRCBAND
      000000D2H   EDATA    ---       L1
      0000007AH   EDATA    ---       L10
      000000DAH   EDATA    ---       L2
      00000032H   EDATA    ---       L3
      0000003AH   EDATA    ---       L4
      00000052H   EDATA    ---       L5
      0000005AH   EDATA    ---       L6
      00000062H   EDATA    ---       L7
      0000006AH   EDATA    ---       L8
      00000072H   EDATA    ---       L9
*SFR* 000000F9H   DATA     BYTE      LINICR
      00FE0000H   ECODE    ---       main?
      00FE04CFH   ECODE    FAR LAB   mul64?
*SFR* 000000D0H.2 DATA     BIT       OV
*SFR* 000000D0H   DATA     BIT       P
*SFR* 00000080H   DATA     BYTE      P0
*SFR* 00000090H   DATA     BYTE      P1
*SFR* 000000A0H   DATA     BYTE      P2
*SFR* 000000B0H   DATA     BYTE      P3
*SFR* 000000C0H   DATA     BYTE      P4
*SFR* 000000C8H   DATA     BYTE      P5
*SFR* 000000E8H   DATA     BYTE      P6
*SFR* 000000F8H   DATA     BYTE      P7
*SFR* 000000A2H   DATA     BYTE      P_SW1
*SFR* 000000BAH   DATA     BYTE      P_SW2
*SFR* 000000BBH   DATA     BYTE      P_SW3
*SFR* 00000087H   DATA     BYTE      PCON
*SFR* 000000D0H   DATA     BYTE      PSW
*SFR* 000000D1H   DATA     BYTE      PSW1
*SFR* 000000D0H.3 DATA     BIT       RS0
*SFR* 000000D0H.4 DATA     BIT       RS1
*SFR* 000000FFH   DATA     BYTE      RSTCFG
*SFR* 0000009AH   DATA     BYTE      S2CON
*SFR* 000000ACH   DATA     BYTE      S3CON
*SFR* 000000FDH   DATA     BYTE      S4CON
*SFR* 00000098H   DATA     BYTE      SCON
      00FE0547H   ECODE    FAR LAB   sdiv64?
      0000008AH   EDATA    ---       SL1
      00000042H   EDATA    ---       SL10
      00000092H   EDATA    ---       SL2
      0000009AH   EDATA    ---       SL3
      000000A2H   EDATA    ---       SL4
      000000AAH   EDATA    ---       SL5
      000000B2H   EDATA    ---       SL6
      000000BAH   EDATA    ---       SL7
      000000C2H   EDATA    ---       SL8
      000000CAH   EDATA    ---       SL9
*SFR* 00000081H   DATA     BYTE      SP
*SFR* 000000CEH   DATA     BYTE      SPCTL
*SFR* 00000085H   DATA     BYTE      SPH
*SFR* 000000CDH   DATA     BYTE      SPSTAT
      00FE05ADH   ECODE    FAR LAB   sub64?
*SFR* 000000DDH   DATA     BYTE      T4T3M
*SFR* 00000088H   DATA     BYTE      TCON
*SFR* 00000089H   DATA     BYTE      TMOD
      00FE03F1H   ECODE    FAR LAB   udiv64?
      00FE03F9H   ECODE    ---       UDIV64_1?
*SFR* 000000F4H   DATA     BYTE      USBCON
*SFR* 000000C1H   DATA     BYTE      WDT_CONTR
L251 LINKER/LOCATER V4.66.30.0                                                        02/04/2023  19:01:57  PAGE 4


*SFR* 000000D1H.1 DATA     BIT       Z



SYMBOL TABLE OF MODULE:  .\OBJ\TEST1 (test1)

      VALUE       REP       CLASS    TYPE      SYMBOL NAME
      ====================================================
      ---         MODULE    ---      ---       test1
      00FE0000H   PUBLIC    ECODE    ---       main?
      00000032H   PUBLIC    EDATA    ---       L3
      0000003AH   PUBLIC    EDATA    ---       L4
      00000042H   PUBLIC    EDATA    ---       SL10
      00000052H   PUBLIC    EDATA    ---       L5
      0000005AH   PUBLIC    EDATA    ---       L6
      00000062H   PUBLIC    EDATA    ---       L7
      0000006AH   PUBLIC    EDATA    ---       L8
      00000072H   PUBLIC    EDATA    ---       L9
      0000007AH   PUBLIC    EDATA    ---       L10
      0000008AH   PUBLIC    EDATA    ---       SL1
      00000092H   PUBLIC    EDATA    ---       SL2
      0000009AH   PUBLIC    EDATA    ---       SL3
      000000A2H   PUBLIC    EDATA    ---       SL4
      000000AAH   PUBLIC    EDATA    ---       SL5
      000000B2H   PUBLIC    EDATA    ---       SL6
      000000BAH   PUBLIC    EDATA    ---       SL7
      000000C2H   PUBLIC    EDATA    ---       SL8
      000000CAH   PUBLIC    EDATA    ---       SL9
      000000D2H   PUBLIC    EDATA    ---       L1
      000000DAH   PUBLIC    EDATA    ---       L2
      000000D0H   SFRSYM    DATA     BYTE      PSW
      0000009DH   SFRSYM    DATA     BYTE      IRCBAND
      00000097H   SFRSYM    DATA     BYTE      AUXR2
      000000EFH   SFRSYM    DATA     BYTE      AUXINTIF
      000000FDH   SFRSYM    DATA     BYTE      S4CON
      000000ACH   SFRSYM    DATA     BYTE      S3CON
      0000009AH   SFRSYM    DATA     BYTE      S2CON
      000000B7H   SFRSYM    DATA     BYTE      IPH
      000000CDH   SFRSYM    DATA     BYTE      SPSTAT
      000000DDH   SFRSYM    DATA     BYTE      T4T3M
      000000C1H   SFRSYM    DATA     BYTE      WDT_CONTR
      000000DFH   SFRSYM    DATA     BYTE      IP3
      000000F4H   SFRSYM    DATA     BYTE      USBCON
      000000B5H   SFRSYM    DATA     BYTE      IP2
      000000FFH   SFRSYM    DATA     BYTE      RSTCFG
      000000C7H   SFRSYM    DATA     BYTE      IAP_CONTR
      000000F9H   SFRSYM    DATA     BYTE      LINICR
      0000008EH   SFRSYM    DATA     BYTE      AUXR
      000000AFH   SFRSYM    DATA     BYTE      IE2
      00000088H   SFRSYM    DATA     BYTE      TCON
      00000089H   SFRSYM    DATA     BYTE      TMOD
      00000098H   SFRSYM    DATA     BYTE      SCON
      000000F1H   SFRSYM    DATA     BYTE      CANICR
      00000087H   SFRSYM    DATA     BYTE      PCON
      000000BCH   SFRSYM    DATA     BYTE      ADC_CONTR
      000000E7H   SFRSYM    DATA     BYTE      CMPCR2
      000000E6H   SFRSYM    DATA     BYTE      CMPCR1
      000000DEH   SFRSYM    DATA     BYTE      ADCCFG
      000000B8H   SFRSYM    DATA     BYTE      IP
      0000008FH   SFRSYM    DATA     BYTE      INTCLKO
      000000EEH   SFRSYM    DATA     BYTE      IP3H
      000000B6H   SFRSYM    DATA     BYTE      IP2H
      000000A8H   SFRSYM    DATA     BYTE      IE
      000000BBH   SFRSYM    DATA     BYTE      P_SW3
      000000BAH   SFRSYM    DATA     BYTE      P_SW2
L251 LINKER/LOCATER V4.66.30.0                                                        02/04/2023  19:01:57  PAGE 5


      000000A2H   SFRSYM    DATA     BYTE      P_SW1
      000000CEH   SFRSYM    DATA     BYTE      SPCTL
      000000F8H   SFRSYM    DATA     BYTE      P7
      000000E8H   SFRSYM    DATA     BYTE      P6
      000000C8H   SFRSYM    DATA     BYTE      P5
      000000C0H   SFRSYM    DATA     BYTE      P4
      000000B0H   SFRSYM    DATA     BYTE      P3
      000000A0H   SFRSYM    DATA     BYTE      P2
      00000090H   SFRSYM    DATA     BYTE      P1
      00000080H   SFRSYM    DATA     BYTE      P0

      00FE0000H   BLOCK     ECODE    ---       LVL=0
      00FE0000H   LINE      ECODE    ---       #27
      00FE0000H   LINE      ECODE    ---       #29
      00FE0018H   LINE      ECODE    ---       #30
      00FE0030H   LINE      ECODE    ---       #32
      00FE0038H   LINE      ECODE    ---       #33
      00FE0050H   LINE      ECODE    ---       #35
      00FE0060H   LINE      ECODE    ---       #36
      00FE0072H   LINE      ECODE    ---       #38
      00FE0084H   LINE      ECODE    ---       #39
      00FE009CH   LINE      ECODE    ---       #41
      00FE00A6H   LINE      ECODE    ---       #43
      00FE00CCH   LINE      ECODE    ---       #44
      00FE00F2H   LINE      ECODE    ---       #45
      00FE0118H   LINE      ECODE    ---       #46
      00FE013EH   LINE      ECODE    ---       #47
      00FE0164H   LINE      ECODE    ---       #48
      00FE018AH   LINE      ECODE    ---       #50
      00FE01B0H   LINE      ECODE    ---       #51
      00FE01D6H   LINE      ECODE    ---       #52
      00FE01FCH   LINE      ECODE    ---       #53
      00FE0222H   LINE      ECODE    ---       #55
      00FE023AH   LINE      ECODE    ---       #56
      00FE0252H   LINE      ECODE    ---       #58
      00FE025AH   LINE      ECODE    ---       #59
      00FE026CH   LINE      ECODE    ---       #61
      00FE027CH   LINE      ECODE    ---       #62
      00FE0284H   LINE      ECODE    ---       #64
      00FE028CH   LINE      ECODE    ---       #65
      00FE0294H   LINE      ECODE    ---       #67
      00FE029EH   LINE      ECODE    ---       #69
      00FE02C4H   LINE      ECODE    ---       #70
      00FE02EAH   LINE      ECODE    ---       #71
      00FE0310H   LINE      ECODE    ---       #72
      00FE0336H   LINE      ECODE    ---       #73
      00FE035CH   LINE      ECODE    ---       #74
      00FE0382H   LINE      ECODE    ---       #76
      00FE03A6H   LINE      ECODE    ---       #77
      00FE03CAH   LINE      ECODE    ---       #78
      00FE03EEH   LINE      ECODE    ---       #80
      00FE03EFH   LINE      ECODE    ---       #83
      ---         BLOCKEND  ---      ---       LVL=0

      ---         MODULE    ---      ---       ADD64_HUGE
      00000008H   PUBLIC    DATA     ---       ?ADD64??BYTE
      00FE058CH   PUBLIC    ECODE    FAR LAB   ADD64?
      000000D0H.6 SFRSYM    DATA     BIT       AC
      000000E0H   SFRSYM    DATA     BYTE      ACC
      000000F0H   SFRSYM    DATA     BYTE      B
      000000EDH   SFRSYM    DATA     BYTE      DMAIR
      00000083H   SFRSYM    DATA     BYTE      DPH
      00000082H   SFRSYM    DATA     BYTE      DPL
      00000084H   SFRSYM    DATA     BYTE      DPXL
      000000A8H.7 SFRSYM    DATA     BIT       EA
L251 LINKER/LOCATER V4.66.30.0                                                        02/04/2023  19:01:57  PAGE 6


      000000D0H.5 SFRSYM    DATA     BIT       F0
      000000D0H.2 SFRSYM    DATA     BIT       OV
      000000D0H   SFRSYM    DATA     BIT       P
      000000D0H   SFRSYM    DATA     BYTE      PSW
      000000D1H   SFRSYM    DATA     BYTE      PSW1
      000000D0H.3 SFRSYM    DATA     BIT       RS0
      000000D0H.4 SFRSYM    DATA     BIT       RS1
      00000081H   SFRSYM    DATA     BYTE      SP
      00000085H   SFRSYM    DATA     BYTE      SPH
      000000D1H.1 SFRSYM    DATA     BIT       Z
      00000018H   SYMBOL    DATA     DWORD     ?ADD64_POINTER?044
      00000008H   SYMBOL    DATA     DWORD     ?ADD64_VALUE1?040
      0000000CH   SYMBOL    DATA     DWORD     ?ADD64_VALUE2?041
      00000010H   SYMBOL    DATA     DWORD     ?ADD64_VALUE3?042
      00000014H   SYMBOL    DATA     DWORD     ?ADD64_VALUE4?043
      00000008H   SYMBOL    DATA     ---       ?DT?ADD64?START_1
      00FE0595H   SYMBOL    ECODE    ---       ADD64_1

      00FE058CH   BLOCK     ECODE    FAR LAB   LVL=0
      00FE058CH   LINE      ECODE    ---       #47
      00FE058FH   LINE      ECODE    ---       #48
      00FE0591H   LINE      ECODE    ---       #49
      00FE0593H   LINE      ECODE    ---       #50
      00FE0595H   LINE      ECODE    ---       #51
      00FE0598H   LINE      ECODE    ---       #52
      00FE059AH   LINE      ECODE    ---       #53
      00FE059DH   LINE      ECODE    ---       #54
      00FE05A0H   LINE      ECODE    ---       #55
      00FE05A4H   LINE      ECODE    ---       #56
      00FE05A8H   LINE      ECODE    ---       #57
      00FE05ACH   LINE      ECODE    ---       #58
      ---         BLOCKEND  ---      ---       LVL=0

      ---         MODULE    ---      ---       SUB64_HUGE
      00000008H   PUBLIC    DATA     ---       ?SUB64??BYTE
      00FE05ADH   PUBLIC    ECODE    FAR LAB   SUB64?
      000000D0H.6 SFRSYM    DATA     BIT       AC
      000000E0H   SFRSYM    DATA     BYTE      ACC
      000000F0H   SFRSYM    DATA     BYTE      B
      000000EDH   SFRSYM    DATA     BYTE      DMAIR
      00000083H   SFRSYM    DATA     BYTE      DPH
      00000082H   SFRSYM    DATA     BYTE      DPL
      00000084H   SFRSYM    DATA     BYTE      DPXL
      000000A8H.7 SFRSYM    DATA     BIT       EA
      000000D0H.5 SFRSYM    DATA     BIT       F0
      000000D0H.2 SFRSYM    DATA     BIT       OV
      000000D0H   SFRSYM    DATA     BIT       P
      000000D0H   SFRSYM    DATA     BYTE      PSW
      000000D1H   SFRSYM    DATA     BYTE      PSW1
      000000D0H.3 SFRSYM    DATA     BIT       RS0
      000000D0H.4 SFRSYM    DATA     BIT       RS1
      00000081H   SFRSYM    DATA     BYTE      SP
      00000085H   SFRSYM    DATA     BYTE      SPH
      000000D1H.1 SFRSYM    DATA     BIT       Z
      00000008H   SYMBOL    DATA     ---       ?DT?SUB64?START_1
      00000018H   SYMBOL    DATA     DWORD     ?SUB64_POINTER?044
      00000008H   SYMBOL    DATA     DWORD     ?SUB64_VALUE1?040
      0000000CH   SYMBOL    DATA     DWORD     ?SUB64_VALUE2?041
      00000010H   SYMBOL    DATA     DWORD     ?SUB64_VALUE3?042
      00000014H   SYMBOL    DATA     DWORD     ?SUB64_VALUE4?043
      00FE05B6H   SYMBOL    ECODE    ---       SUB64_1

      00FE05ADH   BLOCK     ECODE    FAR LAB   LVL=0
      00FE05ADH   LINE      ECODE    ---       #47
      00FE05B0H   LINE      ECODE    ---       #48
L251 LINKER/LOCATER V4.66.30.0                                                        02/04/2023  19:01:57  PAGE 7


      00FE05B2H   LINE      ECODE    ---       #49
      00FE05B4H   LINE      ECODE    ---       #50
      00FE05B6H   LINE      ECODE    ---       #51
      00FE05B9H   LINE      ECODE    ---       #52
      00FE05BBH   LINE      ECODE    ---       #53
      00FE05BEH   LINE      ECODE    ---       #54
      00FE05C1H   LINE      ECODE    ---       #55
      00FE05C5H   LINE      ECODE    ---       #56
      00FE05C9H   LINE      ECODE    ---       #57
      00FE05CDH   LINE      ECODE    ---       #58
      ---         BLOCKEND  ---      ---       LVL=0

      ---         MODULE    ---      ---       MUL64_HUGE
      00000008H   PUBLIC    DATA     ---       ?MUL64??BYTE
      00FE04CFH   PUBLIC    ECODE    FAR LAB   MUL64?
      000000D0H.6 SFRSYM    DATA     BIT       AC
      000000E0H   SFRSYM    DATA     BYTE      ACC
      000000F0H   SFRSYM    DATA     BYTE      B
      000000EDH   SFRSYM    DATA     BYTE      DMAIR
      00000083H   SFRSYM    DATA     BYTE      DPH
      00000082H   SFRSYM    DATA     BYTE      DPL
      00000084H   SFRSYM    DATA     BYTE      DPXL
      000000A8H.7 SFRSYM    DATA     BIT       EA
      000000D0H.5 SFRSYM    DATA     BIT       F0
      000000D0H.2 SFRSYM    DATA     BIT       OV
      000000D0H   SFRSYM    DATA     BIT       P
      000000D0H   SFRSYM    DATA     BYTE      PSW
      000000D1H   SFRSYM    DATA     BYTE      PSW1
      000000D0H.3 SFRSYM    DATA     BIT       RS0
      000000D0H.4 SFRSYM    DATA     BIT       RS1
      00000081H   SFRSYM    DATA     BYTE      SP
      00000085H   SFRSYM    DATA     BYTE      SPH
      000000D1H.1 SFRSYM    DATA     BIT       Z
      00000008H   SYMBOL    DATA     ---       ?DT?MUL64?START_1
      00000018H   SYMBOL    DATA     DWORD     ?MUL64_POINTER?044
      00000008H   SYMBOL    DATA     DWORD     ?MUL64_VALUE1?040
      0000000CH   SYMBOL    DATA     DWORD     ?MUL64_VALUE2?041
      00000010H   SYMBOL    DATA     DWORD     ?MUL64_VALUE3?042
      00000014H   SYMBOL    DATA     DWORD     ?MUL64_VALUE4?043
      00FE04F3H   SYMBOL    ECODE    ---       MUL64_1
      00FE0503H   SYMBOL    ECODE    ---       MUL64_2

      00FE04CFH   BLOCK     ECODE    FAR LAB   LVL=0
      00FE04CFH   LINE      ECODE    ---       #48
      00FE04D2H   LINE      ECODE    ---       #49
      00FE04D5H   LINE      ECODE    ---       #50
      00FE04D7H   LINE      ECODE    ---       #51
      00FE04DAH   LINE      ECODE    ---       #53
      00FE04DCH   LINE      ECODE    ---       #54
      00FE04DEH   LINE      ECODE    ---       #55
      00FE04E1H   LINE      ECODE    ---       #56
      00FE04E3H   LINE      ECODE    ---       #58
      00FE04E5H   LINE      ECODE    ---       #59
      00FE04E7H   LINE      ECODE    ---       #60
      00FE04E9H   LINE      ECODE    ---       #61
      00FE04EBH   LINE      ECODE    ---       #62
      00FE04EEH   LINE      ECODE    ---       #63
      00FE04F0H   LINE      ECODE    ---       #64
      00FE04F3H   LINE      ECODE    ---       #65
      00FE04F5H   LINE      ECODE    ---       #66
      00FE04F7H   LINE      ECODE    ---       #67
      00FE04F9H   LINE      ECODE    ---       #68
      00FE04FBH   LINE      ECODE    ---       #69
      00FE04FEH   LINE      ECODE    ---       #70
      00FE0500H   LINE      ECODE    ---       #71
L251 LINKER/LOCATER V4.66.30.0                                                        02/04/2023  19:01:57  PAGE 8


      00FE0503H   LINE      ECODE    ---       #72
      00FE0506H   LINE      ECODE    ---       #73
      00FE0508H   LINE      ECODE    ---       #74
      00FE050BH   LINE      ECODE    ---       #76
      00FE050DH   LINE      ECODE    ---       #77
      00FE050FH   LINE      ECODE    ---       #78
      00FE0511H   LINE      ECODE    ---       #79
      00FE0513H   LINE      ECODE    ---       #80
      00FE0515H   LINE      ECODE    ---       #81
      00FE0517H   LINE      ECODE    ---       #83
      00FE0519H   LINE      ECODE    ---       #84
      00FE051BH   LINE      ECODE    ---       #85
      00FE051DH   LINE      ECODE    ---       #87
      00FE051FH   LINE      ECODE    ---       #88
      00FE0521H   LINE      ECODE    ---       #89
      00FE0523H   LINE      ECODE    ---       #90
      00FE0525H   LINE      ECODE    ---       #91
      00FE0527H   LINE      ECODE    ---       #93
      00FE0529H   LINE      ECODE    ---       #94
      00FE052BH   LINE      ECODE    ---       #95
      00FE052DH   LINE      ECODE    ---       #96
      00FE052FH   LINE      ECODE    ---       #97
      00FE0531H   LINE      ECODE    ---       #99
      00FE0534H   LINE      ECODE    ---       #100
      00FE0537H   LINE      ECODE    ---       #101
      00FE053BH   LINE      ECODE    ---       #102
      00FE053EH   LINE      ECODE    ---       #103
      00FE0542H   LINE      ECODE    ---       #104
      00FE0546H   LINE      ECODE    ---       #105
      ---         BLOCKEND  ---      ---       LVL=0

      ---         MODULE    ---      ---       UDIV64_HUGE
      0000001DH   PUBLIC    DATA     ---       ?UDIV64??BYTE
      00FE03F1H   PUBLIC    ECODE    FAR LAB   UDIV64?
      00FE03F9H   PUBLIC    ECODE    ---       UDIV64_1?
      000000D0H.6 SFRSYM    DATA     BIT       AC
      000000E0H   SFRSYM    DATA     BYTE      ACC
      000000F0H   SFRSYM    DATA     BYTE      B
      000000EDH   SFRSYM    DATA     BYTE      DMAIR
      00000083H   SFRSYM    DATA     BYTE      DPH
      00000082H   SFRSYM    DATA     BYTE      DPL
      00000084H   SFRSYM    DATA     BYTE      DPXL
      000000A8H.7 SFRSYM    DATA     BIT       EA
      000000D0H.5 SFRSYM    DATA     BIT       F0
      000000D0H.2 SFRSYM    DATA     BIT       OV
      000000D0H   SFRSYM    DATA     BIT       P
      000000D0H   SFRSYM    DATA     BYTE      PSW
      000000D1H   SFRSYM    DATA     BYTE      PSW1
      000000D0H.3 SFRSYM    DATA     BIT       RS0
      000000D0H.4 SFRSYM    DATA     BIT       RS1
      00000081H   SFRSYM    DATA     BYTE      SP
      00000085H   SFRSYM    DATA     BYTE      SPH
      000000D1H.1 SFRSYM    DATA     BIT       Z
      0000001DH   SYMBOL    DATA     ---       ?DT?UDIV64?START_1
      0000002EH   SYMBOL    DATA     DWORD     ?UDIV64_POINTER?045
      0000001DH   SYMBOL    DATA     DWORD     ?UDIV64_VALUE1?040
      00000021H   SYMBOL    DATA     DWORD     ?UDIV64_VALUE2?041
      00000025H   SYMBOL    DATA     DWORD     ?UDIV64_VALUE3?042
      00000029H   SYMBOL    DATA     DWORD     ?UDIV64_VALUE4?043
      0000002DH   SYMBOL    DATA     ---       ?UDIV64_VALUE5?044
      00FE03FEH   SYMBOL    ECODE    ---       DDIV_000
      00FE041AH   SYMBOL    ECODE    ---       DDIV_001
      00FE044CH   SYMBOL    ECODE    ---       DDIV_002
      00FE0420H   SYMBOL    ECODE    ---       DDIV_003
      00FE0428H   SYMBOL    ECODE    ---       DDIV_004
L251 LINKER/LOCATER V4.66.30.0                                                        02/04/2023  19:01:57  PAGE 9


      00FE042EH   SYMBOL    ECODE    ---       DDIV_005
      00FE0438H   SYMBOL    ECODE    ---       DDIV_006
      00FE0440H   SYMBOL    ECODE    ---       DDIV_007
      00FE0442H   SYMBOL    ECODE    ---       DDIV_008
      00FE0448H   SYMBOL    ECODE    ---       DDIV_009
      00FE0459H   SYMBOL    ECODE    ---       DDIV_010
      00FE0461H   SYMBOL    ECODE    ---       DDIV_011
      00FE0469H   SYMBOL    ECODE    ---       DDIV_012
      00FE046DH   SYMBOL    ECODE    ---       DDIV_013
      00FE0477H   SYMBOL    ECODE    ---       DDIV_014
      00FE0493H   SYMBOL    ECODE    ---       DDIV_015
      00FE04A6H   SYMBOL    ECODE    ---       DDIV_016
      00FE04BFH   SYMBOL    ECODE    ---       DDIV_017
      00FE04CEH   SYMBOL    ECODE    ---       DDIV_018

      00FE03F1H   BLOCK     ECODE    FAR LAB   LVL=0
      00FE03F1H   LINE      ECODE    ---       #50
      00FE03F4H   LINE      ECODE    ---       #51
      00FE03F7H   LINE      ECODE    ---       #52
      00FE03F9H   LINE      ECODE    ---       #54
      00FE03FBH   LINE      ECODE    ---       #55
      00FE03FEH   LINE      ECODE    ---       #56
      00FE0401H   LINE      ECODE    ---       #57
      00FE0405H   LINE      ECODE    ---       #58
      00FE0407H   LINE      ECODE    ---       #59
      00FE040BH   LINE      ECODE    ---       #60
      00FE040DH   LINE      ECODE    ---       #61
      00FE040FH   LINE      ECODE    ---       #62
      00FE0411H   LINE      ECODE    ---       #63
      00FE0414H   LINE      ECODE    ---       #64
      00FE0416H   LINE      ECODE    ---       #65
      00FE0418H   LINE      ECODE    ---       #66
      00FE041AH   LINE      ECODE    ---       #68
      00FE041CH   LINE      ECODE    ---       #69
      00FE041EH   LINE      ECODE    ---       #70
      00FE0420H   LINE      ECODE    ---       #71
      00FE0422H   LINE      ECODE    ---       #72
      00FE0424H   LINE      ECODE    ---       #73
      00FE0426H   LINE      ECODE    ---       #74
      00FE0428H   LINE      ECODE    ---       #75
      00FE042AH   LINE      ECODE    ---       #76
      00FE042CH   LINE      ECODE    ---       #77
      00FE042EH   LINE      ECODE    ---       #78
      00FE0430H   LINE      ECODE    ---       #79
      00FE0432H   LINE      ECODE    ---       #80
      00FE0434H   LINE      ECODE    ---       #81
      00FE0436H   LINE      ECODE    ---       #82
      00FE0438H   LINE      ECODE    ---       #83
      00FE043AH   LINE      ECODE    ---       #84
      00FE043CH   LINE      ECODE    ---       #85
      00FE043EH   LINE      ECODE    ---       #86
      00FE0440H   LINE      ECODE    ---       #87
      00FE0442H   LINE      ECODE    ---       #88
      00FE0444H   LINE      ECODE    ---       #89
      00FE0446H   LINE      ECODE    ---       #90
      00FE0448H   LINE      ECODE    ---       #91
      00FE044AH   LINE      ECODE    ---       #92
      00FE044CH   LINE      ECODE    ---       #94
      00FE044EH   LINE      ECODE    ---       #95
      00FE0450H   LINE      ECODE    ---       #96
      00FE0452H   LINE      ECODE    ---       #97
      00FE0455H   LINE      ECODE    ---       #98
      00FE0457H   LINE      ECODE    ---       #99
      00FE0459H   LINE      ECODE    ---       #100
      00FE045BH   LINE      ECODE    ---       #101
L251 LINKER/LOCATER V4.66.30.0                                                        02/04/2023  19:01:57  PAGE 10


      00FE045DH   LINE      ECODE    ---       #102
      00FE045FH   LINE      ECODE    ---       #103
      00FE0461H   LINE      ECODE    ---       #104
      00FE0463H   LINE      ECODE    ---       #105
      00FE0465H   LINE      ECODE    ---       #106
      00FE0467H   LINE      ECODE    ---       #107
      00FE0469H   LINE      ECODE    ---       #108
      00FE046BH   LINE      ECODE    ---       #109
      00FE046DH   LINE      ECODE    ---       #110
      00FE046FH   LINE      ECODE    ---       #111
      00FE0471H   LINE      ECODE    ---       #112
      00FE0473H   LINE      ECODE    ---       #113
      00FE0475H   LINE      ECODE    ---       #114
      00FE0477H   LINE      ECODE    ---       #116
      00FE047AH   LINE      ECODE    ---       #117
      00FE047DH   LINE      ECODE    ---       #118
      00FE0480H   LINE      ECODE    ---       #119
      00FE0482H   LINE      ECODE    ---       #120
      00FE0484H   LINE      ECODE    ---       #121
      00FE0486H   LINE      ECODE    ---       #122
      00FE0488H   LINE      ECODE    ---       #123
      00FE048AH   LINE      ECODE    ---       #124
      00FE048CH   LINE      ECODE    ---       #125
      00FE048EH   LINE      ECODE    ---       #126
      00FE0491H   LINE      ECODE    ---       #127
      00FE0493H   LINE      ECODE    ---       #128
      00FE0496H   LINE      ECODE    ---       #129
      00FE049AH   LINE      ECODE    ---       #130
      00FE049EH   LINE      ECODE    ---       #131
      00FE04A2H   LINE      ECODE    ---       #132
      00FE04A6H   LINE      ECODE    ---       #133
      00FE04A9H   LINE      ECODE    ---       #134
      00FE04ACH   LINE      ECODE    ---       #135
      00FE04AEH   LINE      ECODE    ---       #136
      00FE04B0H   LINE      ECODE    ---       #137
      00FE04B2H   LINE      ECODE    ---       #138
      00FE04B4H   LINE      ECODE    ---       #139
      00FE04B6H   LINE      ECODE    ---       #140
      00FE04B8H   LINE      ECODE    ---       #141
      00FE04BAH   LINE      ECODE    ---       #142
      00FE04BDH   LINE      ECODE    ---       #143
      00FE04BFH   LINE      ECODE    ---       #144
      00FE04C2H   LINE      ECODE    ---       #145
      00FE04C6H   LINE      ECODE    ---       #146
      00FE04CAH   LINE      ECODE    ---       #147
      00FE04CEH   LINE      ECODE    ---       #148
      ---         BLOCKEND  ---      ---       LVL=0

      ---         MODULE    ---      ---       SDIV64_HUGE
      00000008H   PUBLIC    DATA     ---       ?SDIV64??BYTE
      00FE0547H   PUBLIC    ECODE    FAR LAB   SDIV64?
      000000D0H.6 SFRSYM    DATA     BIT       AC
      000000E0H   SFRSYM    DATA     BYTE      ACC
      000000F0H   SFRSYM    DATA     BYTE      B
      000000EDH   SFRSYM    DATA     BYTE      DMAIR
      00000083H   SFRSYM    DATA     BYTE      DPH
      00000082H   SFRSYM    DATA     BYTE      DPL
      00000084H   SFRSYM    DATA     BYTE      DPXL
      000000A8H.7 SFRSYM    DATA     BIT       EA
      000000D0H.5 SFRSYM    DATA     BIT       F0
      000000D0H.2 SFRSYM    DATA     BIT       OV
      000000D0H   SFRSYM    DATA     BIT       P
      000000D0H   SFRSYM    DATA     BYTE      PSW
      000000D1H   SFRSYM    DATA     BYTE      PSW1
      000000D0H.3 SFRSYM    DATA     BIT       RS0
L251 LINKER/LOCATER V4.66.30.0                                                        02/04/2023  19:01:57  PAGE 11


      000000D0H.4 SFRSYM    DATA     BIT       RS1
      00000081H   SFRSYM    DATA     BYTE      SP
      00000085H   SFRSYM    DATA     BYTE      SPH
      000000D1H.1 SFRSYM    DATA     BIT       Z
      00000008H   SYMBOL    DATA     ---       ?DT?SDIV64?START_1
      00000019H   SYMBOL    DATA     DWORD     ?SDIV64_POINTER?045
      00000008H   SYMBOL    DATA     DWORD     ?SDIV64_VALUE1?040
      0000000CH   SYMBOL    DATA     DWORD     ?SDIV64_VALUE2?041
      00000010H   SYMBOL    DATA     DWORD     ?SDIV64_VALUE3?042
      00000014H   SYMBOL    DATA     DWORD     ?SDIV64_VALUE4?043
      00000018H   SYMBOL    DATA     ---       ?SDIV64_VALUE5?044
      00FE0569H   SYMBOL    ECODE    ---       SDIV64_1
      00FE0583H   SYMBOL    ECODE    ---       SDIV64_2
      00FE0570H   SYMBOL    ECODE    ---       SDIV64_3

      00FE0547H   BLOCK     ECODE    FAR LAB   LVL=0
      00FE0547H   LINE      ECODE    ---       #50
      00FE054AH   LINE      ECODE    ---       #51
      00FE054DH   LINE      ECODE    ---       #53
      00FE054FH   LINE      ECODE    ---       #54
      00FE0552H   LINE      ECODE    ---       #55
      00FE0554H   LINE      ECODE    ---       #56
      00FE0556H   LINE      ECODE    ---       #57
      00FE0558H   LINE      ECODE    ---       #58
      00FE055AH   LINE      ECODE    ---       #59
      00FE055CH   LINE      ECODE    ---       #60
      00FE055EH   LINE      ECODE    ---       #61
      00FE0560H   LINE      ECODE    ---       #62
      00FE0562H   LINE      ECODE    ---       #63
      00FE0564H   LINE      ECODE    ---       #64
      00FE0567H   LINE      ECODE    ---       #65
      00FE0569H   LINE      ECODE    ---       #67
      00FE056CH   LINE      ECODE    ---       #68
      00FE056EH   LINE      ECODE    ---       #69
      00FE0570H   LINE      ECODE    ---       #70
      00FE0572H   LINE      ECODE    ---       #71
      00FE0574H   LINE      ECODE    ---       #72
      00FE0576H   LINE      ECODE    ---       #73
      00FE0578H   LINE      ECODE    ---       #74
      00FE057AH   LINE      ECODE    ---       #75
      00FE057CH   LINE      ECODE    ---       #76
      00FE057EH   LINE      ECODE    ---       #77
      00FE0581H   LINE      ECODE    ---       #78
      00FE0583H   LINE      ECODE    ---       #80
      00FE0586H   LINE      ECODE    ---       #81
      00FE0588H   LINE      ECODE    ---       #82
      ---         BLOCKEND  ---      ---       LVL=0

      ---         MODULE    ---      ---       ?C_START?
      00FF0000H   PUBLIC    CODE     ---       ?C?STARTUP?
      00FF0000H   PUBLIC    CODE     ---       ?C_STARTUP?

Program Size: data=50.0 edata+hdata=432 xdata=0 const=0 code=1512
L251 RUN COMPLETE.  0 WARNING(S),  0 ERROR(S)
